../Core/Src/main.c:98:6:drag_parachute_open	4	static
../Core/Src/main.c:102:6:main_parachute_open	4	static
../Core/Src/main.c:112:6:BNO055Sensor_Init	16	static
../Core/Src/main.c:140:6:MS5611_Ramp_Init	32	static
../Core/Src/main.c:160:6:Sensor_Init	8	static
../Core/Src/main.c:172:6:ucus_algoritmasi	24	static
../Core/Src/main.c:250:5:main	8	static
../Core/Src/main.c:304:6:SystemClock_Config	88	static
../Core/Src/main.c:359:13:MX_I2C1_Init	8	static
../Core/Src/main.c:393:13:MX_I2C2_Init	8	static
../Core/Src/main.c:427:13:MX_SPI1_Init	8	static
../Core/Src/main.c:465:13:MX_TIM2_Init	64	static
../Core/Src/main.c:528:13:MX_TIM3_Init	64	static
../Core/Src/main.c:599:13:MX_USART2_UART_Init	8	static
../Core/Src/main.c:632:13:MX_GPIO_Init	48	static
../Core/Src/main.c:701:6:HAL_TIM_PeriodElapsedCallback	16	static
../Core/Src/main.c:718:6:Error_Handler	4	static,ignoring_inline_asm
