../Core/Src/main.c:96:6:drag_parachute_open	4	static
../Core/Src/main.c:100:6:main_parachute_open	4	static
../Core/Src/main.c:110:6:BNO055Sensor_Init	16	static
../Core/Src/main.c:138:6:MS5611_Ramp_Init	32	static
../Core/Src/main.c:158:6:Sensor_Init	8	static
../Core/Src/main.c:170:6:ucus_algoritmasi	24	static
../Core/Src/main.c:248:5:main	8	static
../Core/Src/main.c:302:6:SystemClock_Config	88	static
../Core/Src/main.c:357:13:MX_I2C1_Init	8	static
../Core/Src/main.c:391:13:MX_I2C2_Init	8	static
../Core/Src/main.c:425:13:MX_SPI1_Init	8	static
../Core/Src/main.c:463:13:MX_TIM2_Init	48	static
../Core/Src/main.c:512:13:MX_TIM3_Init	48	static
../Core/Src/main.c:561:13:MX_USART2_UART_Init	8	static
../Core/Src/main.c:594:13:MX_GPIO_Init	24	static
../Core/Src/main.c:616:6:Error_Handler	4	static,ignoring_inline_asm
