../Core/Src/ms5611.c:22:6:ms5611_i2c_write_byte	32	static
../Core/Src/ms5611.c:27:6:ms5611_i2c_read_byte	32	static
../Core/Src/ms5611.c:32:10:ms5611_i2c_read_word	40	static
../Core/Src/ms5611.c:39:10:ms5611_i2c_read_24bits	40	static
../Core/Src/ms5611.c:46:6:ms5611_delay	16	static
../Core/Src/ms5611.c:55:5:ms5611_init	16	static
../Core/Src/ms5611.c:74:10:ms5611_read_rawTemp	8	static
../Core/Src/ms5611.c:80:10:ms5611_read_rawPress	8	static
../Core/Src/ms5611.c:86:6:ms5611_calculate	368	static
../Core/Src/ms5611.c:124:6:ms5611_getTemperatureAndPressure	24	static
../Core/Src/ms5611.c:134:6:ms5611_setOSR	16	static
