../Core/Src/ms5611.c:21:6:ms5611_i2c_write_byte	32	static
../Core/Src/ms5611.c:26:6:ms5611_i2c_read_byte	32	static
../Core/Src/ms5611.c:31:10:ms5611_i2c_read_word	40	static
../Core/Src/ms5611.c:38:10:ms5611_i2c_read_24bits	40	static
../Core/Src/ms5611.c:45:6:ms5611_delay	16	static
../Core/Src/ms5611.c:54:5:ms5611_init	16	static
../Core/Src/ms5611.c:73:10:ms5611_read_rawTemp	8	static
../Core/Src/ms5611.c:79:10:ms5611_read_rawPress	8	static
../Core/Src/ms5611.c:85:6:ms5611_calculate	368	static
../Core/Src/ms5611.c:123:6:ms5611_getTemperatureAndPressure	24	static
../Core/Src/ms5611.c:133:6:ms5611_setOSR	16	static
